// Jest Snapshot v1, https://goo.gl/fbAQLP

exports[`addAutoLoad generates class with autoloaded feature 1`] = `
"class C {
    componentDidLoad() {
        if (this.propertyReferenceIdName) {
            this.loadMethodName();
        }
    }
}
"
`;

exports[`createFetcher generates stuff properly 1`] = `
"class C {
    @Intent(\\"intentName\\")
    intentMethodName;
}
"
`;

exports[`createLoadResourceMethod generates load resource method properly 1`] = `
"class C {
    loadMethodName = () => {
        this.intentMethodName({ intentReferenceIdKeyName: this.propertyReferenceIdName, aId: this.aPropertyReferenceIdName, bId: this.bPropertyReferenceIdName }).then(({ data }: {
            data: SomeType;
        }) => {
            if (data) {
                this.propDeclarationName = data;
            }
        });
    };
}
"
`;
