// Jest Snapshot v1, https://goo.gl/fbAQLP

exports[`BearerProvider allow custom integration host 1`] = `
<Context.Provider
  value={
    Object {
      "bearer": e {
        "clientId": "abc123",
        "config": Object {
          "domObserver": true,
          "integrationHost": "https://integrations.bearer.sh/",
          "refreshDebounceDelay": 200,
          "secured": undefined,
        },
        "connect": [Function],
        "debounceRefresh": [Function],
        "disconnectObserver": [Function],
        "initialIntegrationLoading": [Function],
        "integration": [Function],
        "invoke": [Function],
        "loadMissingIntegrations": [Function],
        "observerCallback": [Function],
        "registerDomObserver": [Function],
        "registeredIntegration": [Function],
        "registeredIntegrations": Object {},
        "secured": undefined,
        "sendTags": [Function],
      },
      "handlePropUpdates": [Function],
      "state": Object {},
    }
  }
/>
`;

exports[`BearerProvider default state is sent to context components 1`] = `
Array [
  "{
  \\"setup-id\\": \\"123\\"
}",
  <button
    onClick={[Function]}
  />,
]
`;

exports[`BearerProvider renders basic provider tag 1`] = `
<Context.Provider
  value={
    Object {
      "bearer": e {
        "clientId": "abc123",
        "config": Object {
          "domObserver": true,
          "integrationHost": "https://int.bearer.sh",
          "refreshDebounceDelay": 200,
          "secured": undefined,
        },
        "connect": [Function],
        "debounceRefresh": [Function],
        "disconnectObserver": [Function],
        "initialIntegrationLoading": [Function],
        "integration": [Function],
        "invoke": [Function],
        "loadMissingIntegrations": [Function],
        "observerCallback": [Function],
        "registerDomObserver": [Function],
        "registeredIntegration": [Function],
        "registeredIntegrations": Object {},
        "secured": undefined,
        "sendTags": [Function],
      },
      "handlePropUpdates": [Function],
      "state": Object {},
    }
  }
/>
`;
