// Jest Snapshot v1, https://goo.gl/fbAQLP

exports[`Bearer State Event Injector alias previous declaration match snapshot 1`] = `
Object {
  "file": "alias-previous-declaration.tsx",
  "postContent": "import { BearerFetch, Element } from '@bearer/core';
class AddHTMLElementReference {
    @Element()
    element: HTMLElement;
    constructor() {
    }
}
",
}
`;

exports[`Bearer State Event Injector do nothing match snapshot 1`] = `
Object {
  "file": "do-nothing.tsx",
  "postContent": "class DoNotProcess {
    constructor() {
    }
}
",
}
`;
