// Jest Snapshot v1, https://goo.gl/fbAQLP

exports[`GaterMetadata transformer a simple root component has empty input and output 1`] = `
Metadata {
  "components": Array [
    Object {
      "classname": "FeatDisplayRootComponent",
      "fileName": "/Users/tanguyantoine/devel/bearer/bearer/packages/transpiler/__test__/__fixtures__/gather-metadata/root-component.tsx",
      "finalTagName": "feat-display",
      "group": "feat",
      "initialTagName": "feat-display",
      "inputs": Array [],
      "isRoot": true,
      "outputs": Array [],
    },
  ],
  "prefix": null,
  "registerComponent": [Function],
  "suffix": null,
}
`;

exports[`GaterMetadata transformer a simple root component has input and output matching props 1`] = `
Metadata {
  "components": Array [
    Object {
      "classname": "FeatDisplayRootComponent",
      "fileName": "/Users/tanguyantoine/devel/bearer/bearer/packages/transpiler/__test__/__fixtures__/gather-metadata/root-component-with-api.tsx",
      "finalTagName": "complex-feature-display",
      "group": "complex-feature",
      "initialTagName": "complex-feature-display",
      "inputs": Array [
        Object {
          "default": "'ok'",
          "name": "aStringProp",
          "type": "string",
        },
        Object {
          "default": "5",
          "name": "aNumberProp",
          "type": "number",
        },
      ],
      "isRoot": true,
      "outputs": Array [
        Object {
          "name": "bearer:1234-scenario-name:complex-feature:namedEvent",
          "payloadFormat": "unspecified",
        },
        Object {
          "name": "nonTypedEvent",
          "payloadFormat": "unspecified",
        },
        Object {
          "name": "typedEvent",
          "payloadFormat": Object {
            "type": "object",
          },
        },
        Object {
          "name": "typedEventWithType",
          "payloadFormat": Object {
            "$schema": "http://json-schema.org/draft-07/schema#",
            "properties": Object {
              "anEnum": Object {
                "enum": Array [
                  "ko",
                  "ok",
                ],
                "type": "string",
              },
              "something": Object {
                "properties": Object {
                  "name": Object {
                    "type": "string",
                  },
                  "status": Object {
                    "enum": Array [
                      "closed",
                      "open",
                    ],
                    "type": "string",
                  },
                },
                "required": Array [
                  "name",
                  "status",
                ],
                "type": "object",
              },
              "somethingElse": Object {
                "type": "string",
              },
            },
            "required": Array [
              "anEnum",
              "something",
              "somethingElse",
            ],
            "type": "object",
          },
        },
        Object {
          "name": "typedEventWithTypeArray",
          "payloadFormat": Object {},
        },
        Object {
          "name": "typedEventWithTypeString",
          "payloadFormat": Object {
            "type": "string",
          },
        },
        Object {
          "name": "typedEventWithTypeNumber",
          "payloadFormat": Object {
            "type": "number",
          },
        },
        Object {
          "name": "typedEventWithTypeBoolean",
          "payloadFormat": Object {
            "type": "boolean",
          },
        },
      ],
    },
  ],
  "prefix": null,
  "registerComponent": [Function],
  "suffix": null,
}
`;
