// Jest Snapshot v1, https://goo.gl/fbAQLP

exports[`GatherIO transformer a simple root component has inputs and outputs added 1`] = `
Metadata {
  "components": Array [
    Object {
      "classname": "FeatDisplayComponent",
      "fileName": "/__test__/__fixtures__/gather-input-output/root-component-transformed.tsx",
      "finalTagName": "complex-feature-display",
      "group": "complex",
      "initialTagName": "feat-display",
      "inputs": Array [
        Object {
          "default": undefined,
          "name": "noInitializer",
          "type": "string",
        },
        Object {
          "default": "'ok'",
          "name": "aStringProp",
          "type": "string",
        },
        Object {
          "default": "5",
          "name": "aNumberProp",
          "type": "number",
        },
      ],
      "isRoot": true,
      "outputs": Array [
        Object {
          "eventName": "bearer-sponge-bob-complex-namedevent",
          "name": "namedEvent",
          "payloadFormat": "unspecified",
        },
        Object {
          "eventName": "bearer-sponge-bob-complex-nontypedevent",
          "name": "nonTypedEvent",
          "payloadFormat": "unspecified",
        },
        Object {
          "eventName": "bearer-sponge-bob-complex-typedevent",
          "name": "typedEvent",
          "payloadFormat": Object {
            "properties": Object {
              "aNumber": Object {
                "description": "aNumber",
                "name": "aNumber",
                "required": true,
                "schema": Object {
                  "type": "number",
                },
              },
              "anEnum": Object {
                "description": "anEnum",
                "name": "anEnum",
                "required": true,
                "schema": Object {
                  "type": "object",
                },
              },
              "pullRequest": Object {
                "description": "pullRequest",
                "name": "pullRequest",
                "required": true,
                "schema": Object {
                  "$schema": "http://json-schema.org/draft-07/schema#",
                  "properties": Object {
                    "name": Object {
                      "type": "string",
                    },
                    "status": Object {
                      "enum": Array [
                        "closed",
                        "open",
                      ],
                      "type": "string",
                    },
                  },
                  "required": Array [
                    "name",
                    "status",
                  ],
                  "type": "object",
                },
              },
            },
            "type": "object",
          },
        },
        Object {
          "eventName": "bearer-sponge-bob-complex-typedeventwithtype",
          "name": "typedEventWithType",
          "payloadFormat": Object {
            "$schema": "http://json-schema.org/draft-07/schema#",
            "properties": Object {
              "anEnum": Object {
                "enum": Array [
                  "ko",
                  "ok",
                ],
                "type": "string",
              },
              "something": Object {
                "properties": Object {
                  "name": Object {
                    "type": "string",
                  },
                  "status": Object {
                    "enum": Array [
                      "closed",
                      "open",
                    ],
                    "type": "string",
                  },
                },
                "required": Array [
                  "name",
                  "status",
                ],
                "type": "object",
              },
              "somethingElse": Object {
                "type": "string",
              },
            },
            "required": Array [
              "anEnum",
              "something",
              "somethingElse",
            ],
            "type": "object",
          },
        },
        Object {
          "eventName": "bearer-sponge-bob-complex-typedeventwithtypearray",
          "name": "typedEventWithTypeArray",
          "payloadFormat": Object {
            "type": "object",
          },
        },
        Object {
          "eventName": "bearer-sponge-bob-complex-typedeventwithtypestring",
          "name": "typedEventWithTypeString",
          "payloadFormat": Object {
            "type": "string",
          },
        },
        Object {
          "eventName": "bearer-sponge-bob-complex-typedeventwithtypenumber",
          "name": "typedEventWithTypeNumber",
          "payloadFormat": Object {
            "type": "number",
          },
        },
        Object {
          "eventName": "bearer-sponge-bob-complex-typedeventwithtypeboolean",
          "name": "typedEventWithTypeBoolean",
          "payloadFormat": Object {
            "type": "boolean",
          },
        },
      ],
    },
  ],
  "prefix": null,
  "registerComponent": [Function],
  "suffix": null,
}
`;
