// Jest Snapshot v1, https://goo.gl/fbAQLP

exports[`prop set: hack for react file: complete-options.tsx apply changes 1`] = `
"import { BearerRef, Input, RootComponent, State, Prop, Watch, Event, EventEmitter } from \\"@bearer/core\\";
@RootComponent({
    group: \\"no-options\\",
    role: \\"action\\"
})
class NoOptionsComponent {
    @Input()
    aStringInput: BearerRef<string> = \\"ok\\";
    @Prop({ mutable: true })
    aValueThatChanges: String;
    @Prop()
    aStaticValue: String;
    @Event({ eventName: \\"bearer-test-no-options-action-prop-set\\", bubbles: true, cancelable: true })
    propSetEmitter: EventEmitter<{
        propSetEmitter: string;
    }>;
    @Watch(\\"aValueThatChanges\\")
    aValueThatChangesPropSetWatcher(newValue) {
        this.propSetEmitter.emit({ aValueThatChanges: newValue });
    }
}
"
`;

exports[`prop set: hack for react file: nothing-happen.tsx apply changes 1`] = `
"import { RootComponent } from \\"@bearer/core\\";
@RootComponent({
    group: \\"no-options\\",
    role: \\"action\\"
})
class Nothing {
}
"
`;
