// Jest Snapshot v1, https://goo.gl/fbAQLP

exports[`Link does not fail :-P  1`] = `
"integrationTitle=undefined
orgId=123
integrationId=integration-id
"
`;
